
Hp@DESKTOP-TFEMPU6 MINGW64 ~/Desktop/New folder
$ git clone https://github.com/chavanvaidehi/wad-practicals
Cloning into 'wad-practicals'...
remote: Enumerating objects: 7, done.
remote: Counting objects: 100% (7/7), done.
remote: Compressing objects: 100% (4/4), done.
remote: Total 7 (delta 0), reused 0 (delta 0), pack-reused 0
Receiving objects: 100% (7/7), done.

Hp@DESKTOP-TFEMPU6 MINGW64 ~/Desktop/New folder
$ git status
fatal: not a git repository (or any of the parent directories): .git

Hp@DESKTOP-TFEMPU6 MINGW64 ~/Desktop/New folder
$ cd wad-practicals/

Hp@DESKTOP-TFEMPU6 MINGW64 ~/Desktop/New folder/wad-practicals (main)
$ git status
On branch main
Your branch is up to date with 'origin/main'.

Untracked files:
  (use "git add <file>..." to include in what will be committed)
        Assignment 2/

nothing added to commit but untracked files present (use "git add" to track)

Hp@DESKTOP-TFEMPU6 MINGW64 ~/Desktop/New folder/wad-practicals (main)
$ git add .

Hp@DESKTOP-TFEMPU6 MINGW64 ~/Desktop/New folder/wad-practicals (main)
$ git commit -m "Assignment 2-a"
Author identity unknown

*** Please tell me who you are.

Run

  git config --global user.email "you@example.com"
  git config --global user.name "Your Name"

to set your account's default identity.
Omit --global to set the identity only in this repository.

fatal: unable to auto-detect email address (got 'Hp@DESKTOP-TFEMPU6.(none)')

Hp@DESKTOP-TFEMPU6 MINGW64 ~/Desktop/New folder/wad-practicals (main)
$ git config user.email "kbtug22510@kbtcoe.org"

Hp@DESKTOP-TFEMPU6 MINGW64 ~/Desktop/New folder/wad-practicals (main)
$ git commit -m "Assignment 2-a"
[main 122b50a] Assignment 2-a
 2 files changed, 0 insertions(+), 0 deletions(-)
 create mode 100644 Assignment 2/A/GIT  COMMAND.txt
 create mode 100644 Assignment 2/A/GIT THEORY.txt
Hp@DESKTOP-TFEMPU6 MINGW64 ~/Desktop/New folder/wad-practicals (main)
$ git remote set-url origin https://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@github.com/chavanvaidehi/wad-practicals.git

Hp@DESKTOP-TFEMPU6 MINGW64 ~/Desktop/New folder/wad-practicals (main)
$ git push origin
Enumerating objects: 6, done.
Counting objects: 100% (6/6), done.
Delta compression using up to 4 threads
Compressing objects: 100% (3/3), done.
Writing objects: 100% (5/5), 385 bytes | 48.00 KiB/s, done.
Total 5 (delta 0), reused 0 (delta 0), pack-reused 0
To https://github.com/chavanvaidehi/wad-practicals.git
   d3290f4..122b50a  main -> main
Hp@DESKTOP-TFEMPU6 MINGW64 /d/wad/test (main)
$ git status
On branch main
Your branch is up to date with 'origin/main'.

Changes not staged for commit:
  (use "git add <file>..." to update what will be committed)
  (use "git restore <file>..." to discard changes in working directory)
        modified:   pulltest

no changes added to commit (use "git add" and/or "git commit -a")

Hp@DESKTOP-TFEMPU6 MINGW64 /d/wad/test (main)
$ git commit -m "modified in pulltest"
On branch main
Your branch is up to date with 'origin/main'.

Changes not staged for commit:
  (use "git add <file>..." to update what will be committed)
  (use "git restore <file>..." to discard changes in working directory)
        modified:   pulltest

no changes added to commit (use "git add" and/or "git commit -a")

Hp@DESKTOP-TFEMPU6 MINGW64 /d/wad/test (main)
$ git add *

Hp@DESKTOP-TFEMPU6 MINGW64 /d/wad/test (main)
$ git commit -m "modified in pulltest"
[main ea4fbed] modified in pulltest
 1 file changed, 1 insertion(+), 1 deletion(-)

Hp@DESKTOP-TFEMPU6 MINGW64 /d/wad/test (main)
$ git push origin
Enumerating objects: 3, done.
Counting objects: 100% (3/3), done.
Delta compression using up to 4 threads
Compressing objects: 100% (2/2), done.
Writing objects: 100% (2/2), 226 bytes | 56.00 KiB/s, done.
Total 2 (delta 1), reused 0 (delta 0), pack-reused 0
remote: Resolving deltas: 100% (1/1), completed with 1 local object.
To https://github.com/chavanvaidehi/test.git
   65a8ceb..ea4fbed  main -> main

Hp@DESKTOP-TFEMPU6 MINGW64 /d/wad/test (main)
$
